// Jest Snapshot v1, https://goo.gl/fbAQLP

exports[`Title renders unchanged 1`] = `
<DocumentFragment>
  <h1
    class="text-4xl font-bold"
  >
    A Title
  </h1>
</DocumentFragment>
`;
