// Jest Snapshot v1, https://goo.gl/fbAQLP

exports[`Home renders unchanged 1`] = `
<DocumentFragment>
  <div>
    <div
      class="flex justify-center items-center flex-col min-h-screen gap-8 bg-primary"
    >
      <h1
        class="text-3xl font-bold"
      >
        Welcome to random API
      </h1>
      <h2
        class="text-2xl font-bold"
      >
        This website provide random API interfaces
      </h2>
    </div>
  </div>
</DocumentFragment>
`;
